===== PRE-SWITCH =====
Recorded at: 2026-08-02 13:51:42 UTC

Proxy health:
{
    "status": "ok",
    "version": "v1.3.0",
    "port": 3000
}

Active environment:
blue

===== SWITCH OUTPUT =====
[13:51:42] Current environment: blue
[13:51:42] Target environment:  green
[13:51:42] Step 1: Verifying green is healthy on port 3001...
[13:51:42] Pre-switch health check passed: green is healthy
[13:51:42] Step 2: Writing new nginx active-env configuration...
[13:51:42] Step 3: Validating nginx configuration...
nginx: the configuration file /etc/nginx/nginx.conf syntax is ok
nginx: configuration file /etc/nginx/nginx.conf test is successful
[13:51:42] nginx configuration validation passed
[13:51:42] Recorded previous environment: blue
[13:51:42] Step 4: Reloading nginx...
2026/08/02 13:51:42 [notice] 8883#8883: signal process started
[13:51:42] nginx reloaded. Traffic now routing to green.
[13:51:42] Step 5: Confirming switch via proxy health check...
[13:51:45] Post-switch confirmation passed: proxy is routing to green (port 3001)
[13:51:45] === Switch to green complete ===

===== POST-SWITCH =====
Recorded at: 2026-08-02 13:51:45 UTC

Proxy health:
{
    "status": "ok",
    "version": "v1.4.0",
    "port": 3001
}

Active environment:
green

Previous environment:
blue

Nginx active configuration:
location / {
    proxy_pass         http://kk-api-green;
    proxy_http_version 1.1;
    proxy_set_header   Host $host;
    proxy_cache_bypass $http_upgrade;
}

location /health {
    proxy_pass http://kk-api-green;
}
